 a | b 
---+---
   |  
(1 row)

 x1 | hist 
----+------
(0 rows)

 x1 | hist 
----+------
(0 rows)

 x1 | hist 
----+------
(0 rows)

 x1 | hist 
----+------
(0 rows)

 x1 | hist 
----+------
(0 rows)

 x1 | x2 | hist 
----+----+------
(0 rows)

 x1 | x2 | x3 | hist 
----+----+----+------
(0 rows)

 x1 | hist 
----+------
(0 rows)

 x1 | x2 | hist 
----+----+------
(0 rows)

 x1 | x2 | x3 | hist 
----+----+----+------
(0 rows)

